============================== Mace4 =================================
Mace4 (32) version 2025-05A, May 2025.
Process 0 was started by an unknown user on an unknown computer,
Sat Apr 11 20:56:01 2026
The command was "C:\Users\u28409265\AppData\Local\pyp9m4\Cache\ladr\v0.0.8\windows-amd64\mace4.exe -n 3 -f rsi_icrp.in".
============================== end of head ===========================

============================== INPUT =================================

% Reading from file rsi_icrp.in

if(Mace4).
% Conditional input included.
assign(max_seconds,-1).
assign(max_models,-1).
end_if.

formulas(assumptions).
x <= x.
x <= y & y <= z -> x <= z.
x <= y & y <= x -> x = y.
x * (y * z) = (x * y) * z.
x * y = y * x.
e * x = x.
x <= y -> z * x <= z * y.
x * y <= z <-> y <= x \ z.
x = x * x.
(exists x (-(e <= x) & (all y (e <= y | y <= x)))).
end_of_list.

formulas(goals).
end_of_list.
    % assign(domain_size, 3) -> assign(start_size, 3).
    % assign(domain_size, 3) -> assign(end_size, 3).

% From the command line: assign(domain_size, 3).

============================== end of input ==========================

============================== PROCESS NON-CLAUSAL FORMULAS ==========

% Formulas that are not ordinary clauses:
1 x <= y & y <= z -> x <= z # label(non_clause).  [assumption].
2 x <= y & y <= x -> x = y # label(non_clause).  [assumption].
3 x <= y -> z * x <= z * y # label(non_clause).  [assumption].
4 x * y <= z <-> y <= x \ z # label(non_clause).  [assumption].
5 (exists x (-(e <= x) & (all y (e <= y | y <= x)))) # label(non_clause).  [assumption].

============================== end of process non-clausal formulas ===

============================== CLAUSES FOR SEARCH ====================

formulas(mace4_clauses).
x <= x.
-(x <= y) | -(y <= z) | x <= z.
-(x <= y) | -(y <= x) | y = x.
x * (y * z) = (x * y) * z.
x * y = y * x.
e * x = x.
-(x <= y) | z * x <= z * y.
-(x * y <= z) | y <= x \ z.
x * y <= z | -(y <= x \ z).
x = x * x.
-(e <= c1).
e <= x | x <= c1.
end_of_list.

============================== end of clauses for search =============

% There are no natural numbers in the input.

============================== DOMAIN SIZE 3 =========================

============================== MODEL =================================

interpretation( 3, [number=1, seconds=0], [

        function(e, [ 0 ]),

        function(c1, [ 1 ]),

        function(*(_,_), [
			   0, 1, 2,
			   1, 1, 2,
			   2, 2, 2 ]),

        function(\(_,_), [
			   0, 1, 2,
			   0, 0, 2,
			   0, 0, 0 ]),

        relation(<=(_,_), [
			   1, 0, 0,
			   1, 1, 0,
			   1, 1, 1 ])
]).

============================== end of model ==========================

============================== MODEL =================================

interpretation( 3, [number=2, seconds=0], [

        function(e, [ 0 ]),

        function(c1, [ 1 ]),

        function(*(_,_), [
			   0, 1, 2,
			   1, 1, 1,
			   2, 1, 2 ]),

        function(\(_,_), [
			   0, 1, 2,
			   2, 2, 2,
			   1, 1, 2 ]),

        relation(<=(_,_), [
			   1, 0, 1,
			   1, 1, 1,
			   0, 0, 1 ])
]).

============================== end of model ==========================

============================== STATISTICS ============================

For domain size 3.

Current CPU time: 0.00 seconds (total CPU time: 0.02 seconds).
Ground clauses: seen=166, kept=154.
Selections=7, assignments=18, propagations=56, current_models=2.
Rewrite_terms=564, rewrite_bools=468, indexes=110.
Rules_from_neg_clauses=16, cross_offs=40.

============================== end of statistics =====================

User_CPU=0.02, System_CPU=0.00, Wall_clock=0.

Exiting with 2 models.

Process 0 exit (all_models) Sat Apr 11 20:56:01 2026
The process finished Sat Apr 11 20:56:01 2026
